// Jest Snapshot v1, https://goo.gl/fbAQLP

exports[`<Profile /> matches snapshot 1`] = `
<div>
  <div>
    <p>
      Min
    </p>
    <p>
      26
    </p>
  </div>
</div>
`;
